Archive member included because of file (symbol)

c:/winavr-20100110/bin/../lib/gcc/avr/4.3.3/avr4\libgcc.a(_exit.o)
                              c:/winavr-20100110/bin/../lib/gcc/avr/4.3.3/../../../../avr/lib/avr4/crtm8.o (exit)
c:/winavr-20100110/bin/../lib/gcc/avr/4.3.3/avr4\libgcc.a(_copy_data.o)
                              ../RFM70_lib/RFM73_lib.o (__do_copy_data)
c:/winavr-20100110/bin/../lib/gcc/avr/4.3.3/avr4\libgcc.a(_clear_bss.o)
                              main.o (__do_clear_bss)

Allocating common symbols
Common symbol       size              file

rx_buf              0x20              main.o

Memory Configuration

Name             Origin             Length             Attributes
text             0x00000000         0x00002000         xr
data             0x00800060         0x0000ffa0         rw !x
eeprom           0x00810000         0x00010000         rw !x
fuse             0x00820000         0x00000400         rw !x
lock             0x00830000         0x00000400         rw !x
signature        0x00840000         0x00000400         rw !x
*default*        0x00000000         0xffffffff

Linker script and memory map

LOAD c:/winavr-20100110/bin/../lib/gcc/avr/4.3.3/../../../../avr/lib/avr4/crtm8.o
LOAD main.o
LOAD ../RFM70_lib/RFM73_lib.o
LOAD ../RFM70_lib/spi.o
LOAD ../RFM70_lib\libRFM70.a
Address of section .text set to 0x0
Address of section .bootloader set to 0x3c00
LOAD c:/winavr-20100110/bin/../lib/gcc/avr/4.3.3/avr4\libgcc.a
LOAD c:/winavr-20100110/bin/../lib/gcc/avr/4.3.3/../../../../avr/lib/avr4\libc.a
LOAD c:/winavr-20100110/bin/../lib/gcc/avr/4.3.3/avr4\libgcc.a

.hash
 *(.hash)

.dynsym
 *(.dynsym)

.dynstr
 *(.dynstr)

.gnu.version
 *(.gnu.version)

.gnu.version_d
 *(.gnu.version_d)

.gnu.version_r
 *(.gnu.version_r)

.rel.init
 *(.rel.init)

.rela.init
 *(.rela.init)

.rel.text
 *(.rel.text)
 *(.rel.text.*)
 *(.rel.gnu.linkonce.t*)

.rela.text
 *(.rela.text)
 *(.rela.text.*)
 *(.rela.gnu.linkonce.t*)

.rel.fini
 *(.rel.fini)

.rela.fini
 *(.rela.fini)

.rel.rodata
 *(.rel.rodata)
 *(.rel.rodata.*)
 *(.rel.gnu.linkonce.r*)

.rela.rodata
 *(.rela.rodata)
 *(.rela.rodata.*)
 *(.rela.gnu.linkonce.r*)

.rel.data
 *(.rel.data)
 *(.rel.data.*)
 *(.rel.gnu.linkonce.d*)

.rela.data
 *(.rela.data)
 *(.rela.data.*)
 *(.rela.gnu.linkonce.d*)

.rel.ctors
 *(.rel.ctors)

.rela.ctors
 *(.rela.ctors)

.rel.dtors
 *(.rel.dtors)

.rela.dtors
 *(.rela.dtors)

.rel.got
 *(.rel.got)

.rela.got
 *(.rela.got)

.rel.bss
 *(.rel.bss)

.rela.bss
 *(.rela.bss)

.rel.plt
 *(.rel.plt)

.rela.plt
 *(.rela.plt)

.text           0x00000000      0x50a
 *(.vectors)
 .vectors       0x00000000       0x26 c:/winavr-20100110/bin/../lib/gcc/avr/4.3.3/../../../../avr/lib/avr4/crtm8.o
                0x00000000                __vectors
                0x00000000                __vector_default
 *(.vectors)
 *(.progmem.gcc*)
 *(.progmem*)
                0x00000026                . = ALIGN (0x2)
                0x00000026                __trampolines_start = .
 *(.trampolines)
 .trampolines   0x00000026        0x0 linker stubs
 *(.trampolines*)
                0x00000026                __trampolines_end = .
 *(.jumptables)
 *(.jumptables*)
 *(.lowtext)
 *(.lowtext*)
                0x00000026                __ctors_start = .
 *(.ctors)
                0x00000026                __ctors_end = .
                0x00000026                __dtors_start = .
 *(.dtors)
                0x00000026                __dtors_end = .
 SORT(*)(.ctors)
 SORT(*)(.dtors)
 *(.init0)
 .init0         0x00000026        0x0 c:/winavr-20100110/bin/../lib/gcc/avr/4.3.3/../../../../avr/lib/avr4/crtm8.o
                0x00000026                __init
 *(.init0)
 *(.init1)
 *(.init1)
 *(.init2)
 .init2         0x00000026        0xc c:/winavr-20100110/bin/../lib/gcc/avr/4.3.3/../../../../avr/lib/avr4/crtm8.o
 *(.init2)
 *(.init3)
 *(.init3)
 *(.init4)
 .init4         0x00000032       0x16 c:/winavr-20100110/bin/../lib/gcc/avr/4.3.3/avr4\libgcc.a(_copy_data.o)
                0x00000032                __do_copy_data
 .init4         0x00000048       0x10 c:/winavr-20100110/bin/../lib/gcc/avr/4.3.3/avr4\libgcc.a(_clear_bss.o)
                0x00000048                __do_clear_bss
 *(.init4)
 *(.init5)
 *(.init5)
 *(.init6)
 *(.init6)
 *(.init7)
 *(.init7)
 *(.init8)
 *(.init8)
 *(.init9)
 .init9         0x00000058        0x4 c:/winavr-20100110/bin/../lib/gcc/avr/4.3.3/../../../../avr/lib/avr4/crtm8.o
 *(.init9)
 *(.text)
 .text          0x0000005c        0x2 c:/winavr-20100110/bin/../lib/gcc/avr/4.3.3/../../../../avr/lib/avr4/crtm8.o
                0x0000005c                __vector_1
                0x0000005c                __vector_12
                0x0000005c                __bad_interrupt
                0x0000005c                __vector_6
                0x0000005c                __vector_3
                0x0000005c                __vector_11
                0x0000005c                __vector_13
                0x0000005c                __vector_17
                0x0000005c                __vector_7
                0x0000005c                __vector_5
                0x0000005c                __vector_4
                0x0000005c                __vector_9
                0x0000005c                __vector_2
                0x0000005c                __vector_15
                0x0000005c                __vector_8
                0x0000005c                __vector_14
                0x0000005c                __vector_10
                0x0000005c                __vector_16
                0x0000005c                __vector_18
 .text          0x0000005e       0x90 main.o
                0x0000005e                Receive_Packet
                0x000000b2                main
 .text          0x000000ee      0x3b2 ../RFM70_lib/RFM73_lib.o
                0x000001a6                RFM73_Send_Packet
                0x0000010c                SwitchCFG
                0x000000ee                SPI_Read_Reg
                0x0000017e                SetChannelNum
                0x0000042c                RFM73_Receive_Packet
                0x00000186                SPI_Write_Buf
                0x000001f2                RFM73_Initialize
                0x0000012c                SwitchToPowerDownMode
                0x0000040c                SPI_Read_Buf
                0x0000015c                SwitchToRxMode
                0x000000fa                SPI_Write_Reg
                0x0000013a                SwitchToTxMode
 .text          0x000004a0       0x66 ../RFM70_lib/spi.o
                0x000004d0                SPI_TxBuf
                0x000004c6                SPI_TxRx
                0x000004ec                SPI_RxBuf
                0x000004a0                SPI_Init
 .text          0x00000506        0x0 c:/winavr-20100110/bin/../lib/gcc/avr/4.3.3/avr4\libgcc.a(_exit.o)
 .text          0x00000506        0x0 c:/winavr-20100110/bin/../lib/gcc/avr/4.3.3/avr4\libgcc.a(_copy_data.o)
 .text          0x00000506        0x0 c:/winavr-20100110/bin/../lib/gcc/avr/4.3.3/avr4\libgcc.a(_clear_bss.o)
                0x00000506                . = ALIGN (0x2)
 *(.text.*)
 .text.libgcc   0x00000506        0x0 c:/winavr-20100110/bin/../lib/gcc/avr/4.3.3/avr4\libgcc.a(_exit.o)
 .text.libgcc   0x00000506        0x0 c:/winavr-20100110/bin/../lib/gcc/avr/4.3.3/avr4\libgcc.a(_copy_data.o)
 .text.libgcc   0x00000506        0x0 c:/winavr-20100110/bin/../lib/gcc/avr/4.3.3/avr4\libgcc.a(_clear_bss.o)
                0x00000506                . = ALIGN (0x2)
 *(.fini9)
 .fini9         0x00000506        0x0 c:/winavr-20100110/bin/../lib/gcc/avr/4.3.3/avr4\libgcc.a(_exit.o)
                0x00000506                exit
                0x00000506                _exit
 *(.fini9)
 *(.fini8)
 *(.fini8)
 *(.fini7)
 *(.fini7)
 *(.fini6)
 *(.fini6)
 *(.fini5)
 *(.fini5)
 *(.fini4)
 *(.fini4)
 *(.fini3)
 *(.fini3)
 *(.fini2)
 *(.fini2)
 *(.fini1)
 *(.fini1)
 *(.fini0)
 .fini0         0x00000506        0x4 c:/winavr-20100110/bin/../lib/gcc/avr/4.3.3/avr4\libgcc.a(_exit.o)
 *(.fini0)
                0x0000050a                _etext = .

.data           0x00800060       0x7c load address 0x0000050a
                0x00800060                PROVIDE (__data_start, .)
 *(.data)
 .data          0x00800060        0x0 c:/winavr-20100110/bin/../lib/gcc/avr/4.3.3/../../../../avr/lib/avr4/crtm8.o
 .data          0x00800060        0x0 main.o
 .data          0x00800060       0x7b ../RFM70_lib/RFM73_lib.o
                0x00800098                Bank1_Reg14
                0x008000d1                RX0_Address
                0x00800060                Bank1_Reg0_13
                0x008000a3                Bank0_Reg
                0x008000d6                RX1_Address
 .data          0x008000db        0x0 ../RFM70_lib/spi.o
 .data          0x008000db        0x0 c:/winavr-20100110/bin/../lib/gcc/avr/4.3.3/avr4\libgcc.a(_exit.o)
 .data          0x008000db        0x0 c:/winavr-20100110/bin/../lib/gcc/avr/4.3.3/avr4\libgcc.a(_copy_data.o)
 .data          0x008000db        0x0 c:/winavr-20100110/bin/../lib/gcc/avr/4.3.3/avr4\libgcc.a(_clear_bss.o)
 *(.data*)
 *(.rodata)
 *(.rodata*)
 *(.gnu.linkonce.d*)
                0x008000dc                . = ALIGN (0x2)
 *fill*         0x008000db        0x1 00
                0x008000dc                _edata = .
                0x008000dc                PROVIDE (__data_end, .)

.bss            0x008000dc       0x23
                0x008000dc                PROVIDE (__bss_start, .)
 *(.bss)
 .bss           0x008000dc        0x0 c:/winavr-20100110/bin/../lib/gcc/avr/4.3.3/../../../../avr/lib/avr4/crtm8.o
 .bss           0x008000dc        0x0 main.o
 .bss           0x008000dc        0x3 ../RFM70_lib/RFM73_lib.o
 .bss           0x008000df        0x0 ../RFM70_lib/spi.o
 .bss           0x008000df        0x0 c:/winavr-20100110/bin/../lib/gcc/avr/4.3.3/avr4\libgcc.a(_exit.o)
 .bss           0x008000df        0x0 c:/winavr-20100110/bin/../lib/gcc/avr/4.3.3/avr4\libgcc.a(_copy_data.o)
 .bss           0x008000df        0x0 c:/winavr-20100110/bin/../lib/gcc/avr/4.3.3/avr4\libgcc.a(_clear_bss.o)
 *(.bss*)
 *(COMMON)
 COMMON         0x008000df       0x20 main.o
                0x008000df                rx_buf
                0x008000ff                PROVIDE (__bss_end, .)
                0x0000050a                __data_load_start = LOADADDR (.data)
                0x00000586                __data_load_end = (__data_load_start + SIZEOF (.data))

.noinit         0x008000ff        0x0
                0x008000ff                PROVIDE (__noinit_start, .)
 *(.noinit*)
                0x008000ff                PROVIDE (__noinit_end, .)
                0x008000ff                _end = .
                0x008000ff                PROVIDE (__heap_start, .)

.eeprom         0x00810000        0x0
 *(.eeprom*)
                0x00810000                __eeprom_end = .

.fuse
 *(.fuse)
 *(.lfuse)
 *(.hfuse)
 *(.efuse)

.lock
 *(.lock*)

.signature
 *(.signature*)

.stab
 *(.stab)

.stabstr
 *(.stabstr)

.stab.excl
 *(.stab.excl)

.stab.exclstr
 *(.stab.exclstr)

.stab.index
 *(.stab.index)

.stab.indexstr
 *(.stab.indexstr)

.comment
 *(.comment)

.debug
 *(.debug)

.line
 *(.line)

.debug_srcinfo
 *(.debug_srcinfo)

.debug_sfnames
 *(.debug_sfnames)

.debug_aranges  0x00000000       0x60
 *(.debug_aranges)
 .debug_aranges
                0x00000000       0x20 main.o
 .debug_aranges
                0x00000020       0x20 ../RFM70_lib/RFM73_lib.o
 .debug_aranges
                0x00000040       0x20 ../RFM70_lib/spi.o

.debug_pubnames
                0x00000000      0x1cd
 *(.debug_pubnames)
 .debug_pubnames
                0x00000000       0x39 main.o
 .debug_pubnames
                0x00000039      0x14c ../RFM70_lib/RFM73_lib.o
 .debug_pubnames
                0x00000185       0x48 ../RFM70_lib/spi.o

.debug_info     0x00000000      0x9e1
 *(.debug_info)
 .debug_info    0x00000000      0x1cb main.o
 .debug_info    0x000001cb      0x623 ../RFM70_lib/RFM73_lib.o
 .debug_info    0x000007ee      0x1f3 ../RFM70_lib/spi.o
 *(.gnu.linkonce.wi.*)

.debug_abbrev   0x00000000      0x486
 *(.debug_abbrev)
 .debug_abbrev  0x00000000      0x138 main.o
 .debug_abbrev  0x00000138      0x240 ../RFM70_lib/RFM73_lib.o
 .debug_abbrev  0x00000378      0x10e ../RFM70_lib/spi.o

.debug_line     0x00000000      0x854
 *(.debug_line)
 .debug_line    0x00000000      0x1ac main.o
 .debug_line    0x000001ac      0x52e ../RFM70_lib/RFM73_lib.o
 .debug_line    0x000006da      0x17a ../RFM70_lib/spi.o

.debug_frame    0x00000000      0x150
 *(.debug_frame)
 .debug_frame   0x00000000       0x30 main.o
 .debug_frame   0x00000030       0xd0 ../RFM70_lib/RFM73_lib.o
 .debug_frame   0x00000100       0x50 ../RFM70_lib/spi.o

.debug_str      0x00000000      0x334
 *(.debug_str)
 .debug_str     0x00000000       0xc4 main.o
                                0x107 (size before relaxing)
 .debug_str     0x000000c4      0x21a ../RFM70_lib/RFM73_lib.o
                                0x2fd (size before relaxing)
 .debug_str     0x000002de       0x56 ../RFM70_lib/spi.o
                                0x1b3 (size before relaxing)

.debug_loc      0x00000000      0x3c0
 *(.debug_loc)
 .debug_loc     0x00000000       0x30 main.o
 .debug_loc     0x00000030      0x31a ../RFM70_lib/RFM73_lib.o
 .debug_loc     0x0000034a       0x76 ../RFM70_lib/spi.o

.debug_macinfo
 *(.debug_macinfo)
OUTPUT(RFM70_receive.elf elf32-avr)
LOAD linker stubs

.bootloader     0x00003c00        0x0

.debug_ranges   0x00000000       0x18
 .debug_ranges  0x00000000       0x18 ../RFM70_lib/spi.o

Cross Reference Table

Symbol                                            File
Bank0_Reg                                         ../RFM70_lib/RFM73_lib.o
Bank1_Reg0_13                                     ../RFM70_lib/RFM73_lib.o
Bank1_Reg14                                       ../RFM70_lib/RFM73_lib.o
RFM73_Initialize                                  ../RFM70_lib/RFM73_lib.o
                                                  main.o
RFM73_Receive_Packet                              ../RFM70_lib/RFM73_lib.o
                                                  main.o
RFM73_Send_Packet                                 ../RFM70_lib/RFM73_lib.o
RX0_Address                                       ../RFM70_lib/RFM73_lib.o
RX1_Address                                       ../RFM70_lib/RFM73_lib.o
Receive_Packet                                    main.o
SPI_Init                                          ../RFM70_lib/spi.o
                                                  ../RFM70_lib/RFM73_lib.o
SPI_Read_Buf                                      ../RFM70_lib/RFM73_lib.o
SPI_Read_Reg                                      ../RFM70_lib/RFM73_lib.o
SPI_RxBuf                                         ../RFM70_lib/spi.o
                                                  ../RFM70_lib/RFM73_lib.o
SPI_TxBuf                                         ../RFM70_lib/spi.o
                                                  ../RFM70_lib/RFM73_lib.o
SPI_TxRx                                          ../RFM70_lib/spi.o
                                                  ../RFM70_lib/RFM73_lib.o
SPI_Write_Buf                                     ../RFM70_lib/RFM73_lib.o
SPI_Write_Reg                                     ../RFM70_lib/RFM73_lib.o
SetChannelNum                                     ../RFM70_lib/RFM73_lib.o
SwitchCFG                                         ../RFM70_lib/RFM73_lib.o
SwitchToPowerDownMode                             ../RFM70_lib/RFM73_lib.o
SwitchToRxMode                                    ../RFM70_lib/RFM73_lib.o
SwitchToTxMode                                    ../RFM70_lib/RFM73_lib.o
__bad_interrupt                                   c:/winavr-20100110/bin/../lib/gcc/avr/4.3.3/../../../../avr/lib/avr4/crtm8.o
__bss_end                                         c:/winavr-20100110/bin/../lib/gcc/avr/4.3.3/avr4\libgcc.a(_clear_bss.o)
__bss_start                                       c:/winavr-20100110/bin/../lib/gcc/avr/4.3.3/avr4\libgcc.a(_clear_bss.o)
__data_end                                        c:/winavr-20100110/bin/../lib/gcc/avr/4.3.3/avr4\libgcc.a(_copy_data.o)
__data_load_start                                 c:/winavr-20100110/bin/../lib/gcc/avr/4.3.3/avr4\libgcc.a(_copy_data.o)
__data_start                                      c:/winavr-20100110/bin/../lib/gcc/avr/4.3.3/avr4\libgcc.a(_copy_data.o)
__do_clear_bss                                    c:/winavr-20100110/bin/../lib/gcc/avr/4.3.3/avr4\libgcc.a(_clear_bss.o)
                                                  ../RFM70_lib/RFM73_lib.o
                                                  main.o
__do_copy_data                                    c:/winavr-20100110/bin/../lib/gcc/avr/4.3.3/avr4\libgcc.a(_copy_data.o)
                                                  ../RFM70_lib/RFM73_lib.o
__heap_end                                        c:/winavr-20100110/bin/../lib/gcc/avr/4.3.3/../../../../avr/lib/avr4/crtm8.o
__init                                            c:/winavr-20100110/bin/../lib/gcc/avr/4.3.3/../../../../avr/lib/avr4/crtm8.o
__stack                                           c:/winavr-20100110/bin/../lib/gcc/avr/4.3.3/../../../../avr/lib/avr4/crtm8.o
__vector_1                                        c:/winavr-20100110/bin/../lib/gcc/avr/4.3.3/../../../../avr/lib/avr4/crtm8.o
__vector_10                                       c:/winavr-20100110/bin/../lib/gcc/avr/4.3.3/../../../../avr/lib/avr4/crtm8.o
__vector_11                                       c:/winavr-20100110/bin/../lib/gcc/avr/4.3.3/../../../../avr/lib/avr4/crtm8.o
__vector_12                                       c:/winavr-20100110/bin/../lib/gcc/avr/4.3.3/../../../../avr/lib/avr4/crtm8.o
__vector_13                                       c:/winavr-20100110/bin/../lib/gcc/avr/4.3.3/../../../../avr/lib/avr4/crtm8.o
__vector_14                                       c:/winavr-20100110/bin/../lib/gcc/avr/4.3.3/../../../../avr/lib/avr4/crtm8.o
__vector_15                                       c:/winavr-20100110/bin/../lib/gcc/avr/4.3.3/../../../../avr/lib/avr4/crtm8.o
__vector_16                                       c:/winavr-20100110/bin/../lib/gcc/avr/4.3.3/../../../../avr/lib/avr4/crtm8.o
__vector_17                                       c:/winavr-20100110/bin/../lib/gcc/avr/4.3.3/../../../../avr/lib/avr4/crtm8.o
__vector_18                                       c:/winavr-20100110/bin/../lib/gcc/avr/4.3.3/../../../../avr/lib/avr4/crtm8.o
__vector_2                                        c:/winavr-20100110/bin/../lib/gcc/avr/4.3.3/../../../../avr/lib/avr4/crtm8.o
__vector_3                                        c:/winavr-20100110/bin/../lib/gcc/avr/4.3.3/../../../../avr/lib/avr4/crtm8.o
__vector_4                                        c:/winavr-20100110/bin/../lib/gcc/avr/4.3.3/../../../../avr/lib/avr4/crtm8.o
__vector_5                                        c:/winavr-20100110/bin/../lib/gcc/avr/4.3.3/../../../../avr/lib/avr4/crtm8.o
__vector_6                                        c:/winavr-20100110/bin/../lib/gcc/avr/4.3.3/../../../../avr/lib/avr4/crtm8.o
__vector_7                                        c:/winavr-20100110/bin/../lib/gcc/avr/4.3.3/../../../../avr/lib/avr4/crtm8.o
__vector_8                                        c:/winavr-20100110/bin/../lib/gcc/avr/4.3.3/../../../../avr/lib/avr4/crtm8.o
__vector_9                                        c:/winavr-20100110/bin/../lib/gcc/avr/4.3.3/../../../../avr/lib/avr4/crtm8.o
__vector_default                                  c:/winavr-20100110/bin/../lib/gcc/avr/4.3.3/../../../../avr/lib/avr4/crtm8.o
__vectors                                         c:/winavr-20100110/bin/../lib/gcc/avr/4.3.3/../../../../avr/lib/avr4/crtm8.o
_exit                                             c:/winavr-20100110/bin/../lib/gcc/avr/4.3.3/avr4\libgcc.a(_exit.o)
exit                                              c:/winavr-20100110/bin/../lib/gcc/avr/4.3.3/avr4\libgcc.a(_exit.o)
                                                  c:/winavr-20100110/bin/../lib/gcc/avr/4.3.3/../../../../avr/lib/avr4/crtm8.o
main                                              main.o
                                                  c:/winavr-20100110/bin/../lib/gcc/avr/4.3.3/../../../../avr/lib/avr4/crtm8.o
rx_buf                                            main.o
