Archive member included because of file (symbol)

c:/winavr-20100110/bin/../lib/gcc/avr/4.3.3/avr4\libgcc.a(_exit.o)
                              c:/winavr-20100110/bin/../lib/gcc/avr/4.3.3/../../../../avr/lib/avr4/crtm8.o (exit)
c:/winavr-20100110/bin/../lib/gcc/avr/4.3.3/avr4\libgcc.a(_copy_data.o)
                              main.o (__do_copy_data)
c:/winavr-20100110/bin/../lib/gcc/avr/4.3.3/avr4\libgcc.a(_clear_bss.o)
                              main.o (__do_clear_bss)

Memory Configuration

Name             Origin             Length             Attributes
text             0x00000000         0x00002000         xr
data             0x00800060         0x0000ffa0         rw !x
eeprom           0x00810000         0x00010000         rw !x
fuse             0x00820000         0x00000400         rw !x
lock             0x00830000         0x00000400         rw !x
signature        0x00840000         0x00000400         rw !x
*default*        0x00000000         0xffffffff

Linker script and memory map

LOAD c:/winavr-20100110/bin/../lib/gcc/avr/4.3.3/../../../../avr/lib/avr4/crtm8.o
LOAD main.o
LOAD ../RFM70_lib/RFM73_lib.o
LOAD ../RFM70_lib/spi.o
Address of section .text set to 0x0
Address of section .bootloader set to 0x3c00
LOAD c:/winavr-20100110/bin/../lib/gcc/avr/4.3.3/avr4\libgcc.a
LOAD c:/winavr-20100110/bin/../lib/gcc/avr/4.3.3/../../../../avr/lib/avr4\libc.a
LOAD c:/winavr-20100110/bin/../lib/gcc/avr/4.3.3/avr4\libgcc.a

.hash
 *(.hash)

.dynsym
 *(.dynsym)

.dynstr
 *(.dynstr)

.gnu.version
 *(.gnu.version)

.gnu.version_d
 *(.gnu.version_d)

.gnu.version_r
 *(.gnu.version_r)

.rel.init
 *(.rel.init)

.rela.init
 *(.rela.init)

.rel.text
 *(.rel.text)
 *(.rel.text.*)
 *(.rel.gnu.linkonce.t*)

.rela.text
 *(.rela.text)
 *(.rela.text.*)
 *(.rela.gnu.linkonce.t*)

.rel.fini
 *(.rel.fini)

.rela.fini
 *(.rela.fini)

.rel.rodata
 *(.rel.rodata)
 *(.rel.rodata.*)
 *(.rel.gnu.linkonce.r*)

.rela.rodata
 *(.rela.rodata)
 *(.rela.rodata.*)
 *(.rela.gnu.linkonce.r*)

.rel.data
 *(.rel.data)
 *(.rel.data.*)
 *(.rel.gnu.linkonce.d*)

.rela.data
 *(.rela.data)
 *(.rela.data.*)
 *(.rela.gnu.linkonce.d*)

.rel.ctors
 *(.rel.ctors)

.rela.ctors
 *(.rela.ctors)

.rel.dtors
 *(.rel.dtors)

.rela.dtors
 *(.rela.dtors)

.rel.got
 *(.rel.got)

.rela.got
 *(.rela.got)

.rel.bss
 *(.rel.bss)

.rela.bss
 *(.rela.bss)

.rel.plt
 *(.rel.plt)

.rela.plt
 *(.rela.plt)

.text           0x00000000      0x5f8
 *(.vectors)
 .vectors       0x00000000       0x26 c:/winavr-20100110/bin/../lib/gcc/avr/4.3.3/../../../../avr/lib/avr4/crtm8.o
                0x00000000                __vectors
                0x00000000                __vector_default
 *(.vectors)
 *(.progmem.gcc*)
 *(.progmem*)
                0x00000026                . = ALIGN (0x2)
                0x00000026                __trampolines_start = .
 *(.trampolines)
 .trampolines   0x00000026        0x0 linker stubs
 *(.trampolines*)
                0x00000026                __trampolines_end = .
 *(.jumptables)
 *(.jumptables*)
 *(.lowtext)
 *(.lowtext*)
                0x00000026                __ctors_start = .
 *(.ctors)
                0x00000026                __ctors_end = .
                0x00000026                __dtors_start = .
 *(.dtors)
                0x00000026                __dtors_end = .
 SORT(*)(.ctors)
 SORT(*)(.dtors)
 *(.init0)
 .init0         0x00000026        0x0 c:/winavr-20100110/bin/../lib/gcc/avr/4.3.3/../../../../avr/lib/avr4/crtm8.o
                0x00000026                __init
 *(.init0)
 *(.init1)
 *(.init1)
 *(.init2)
 .init2         0x00000026        0xc c:/winavr-20100110/bin/../lib/gcc/avr/4.3.3/../../../../avr/lib/avr4/crtm8.o
 *(.init2)
 *(.init3)
 *(.init3)
 *(.init4)
 .init4         0x00000032       0x16 c:/winavr-20100110/bin/../lib/gcc/avr/4.3.3/avr4\libgcc.a(_copy_data.o)
                0x00000032                __do_copy_data
 .init4         0x00000048       0x10 c:/winavr-20100110/bin/../lib/gcc/avr/4.3.3/avr4\libgcc.a(_clear_bss.o)
                0x00000048                __do_clear_bss
 *(.init4)
 *(.init5)
 *(.init5)
 *(.init6)
 *(.init6)
 *(.init7)
 *(.init7)
 *(.init8)
 *(.init8)
 *(.init9)
 .init9         0x00000058        0x4 c:/winavr-20100110/bin/../lib/gcc/avr/4.3.3/../../../../avr/lib/avr4/crtm8.o
 *(.init9)
 *(.text)
 .text          0x0000005c        0x2 c:/winavr-20100110/bin/../lib/gcc/avr/4.3.3/../../../../avr/lib/avr4/crtm8.o
                0x0000005c                __vector_1
                0x0000005c                __vector_12
                0x0000005c                __bad_interrupt
                0x0000005c                __vector_6
                0x0000005c                __vector_3
                0x0000005c                __vector_11
                0x0000005c                __vector_13
                0x0000005c                __vector_17
                0x0000005c                __vector_7
                0x0000005c                __vector_5
                0x0000005c                __vector_9
                0x0000005c                __vector_15
                0x0000005c                __vector_8
                0x0000005c                __vector_14
                0x0000005c                __vector_10
                0x0000005c                __vector_16
                0x0000005c                __vector_18
 .text          0x0000005e      0x122 main.o
                0x000000c2                main
                0x00000096                __vector_4
                0x0000005e                timer2_async_init
 .text          0x00000180      0x40e ../RFM70_lib/RFM73_lib.o
                0x000002a6                RFM73_Send_Packet
                0x0000020c                SwitchCFG
                0x00000180                SPI_Read_Reg
                0x0000027e                SetChannelNum
                0x0000053e                RFM73_Receive_Packet
                0x00000286                SPI_Write_Buf
                0x000002f2                RFM73_Initialize
                0x0000022c                SwitchToPowerDownMode
                0x0000019e                __vector_2
                0x0000051e                SPI_Read_Buf
                0x0000025c                SwitchToRxMode
                0x0000018c                SPI_Write_Reg
                0x0000023a                SwitchToTxMode
 .text          0x0000058e       0x66 ../RFM70_lib/spi.o
                0x000005be                SPI_TxBuf
                0x000005b4                SPI_TxRx
                0x000005da                SPI_RxBuf
                0x0000058e                SPI_Init
 .text          0x000005f4        0x0 c:/winavr-20100110/bin/../lib/gcc/avr/4.3.3/avr4\libgcc.a(_exit.o)
 .text          0x000005f4        0x0 c:/winavr-20100110/bin/../lib/gcc/avr/4.3.3/avr4\libgcc.a(_copy_data.o)
 .text          0x000005f4        0x0 c:/winavr-20100110/bin/../lib/gcc/avr/4.3.3/avr4\libgcc.a(_clear_bss.o)
                0x000005f4                . = ALIGN (0x2)
 *(.text.*)
 .text.libgcc   0x000005f4        0x0 c:/winavr-20100110/bin/../lib/gcc/avr/4.3.3/avr4\libgcc.a(_exit.o)
 .text.libgcc   0x000005f4        0x0 c:/winavr-20100110/bin/../lib/gcc/avr/4.3.3/avr4\libgcc.a(_copy_data.o)
 .text.libgcc   0x000005f4        0x0 c:/winavr-20100110/bin/../lib/gcc/avr/4.3.3/avr4\libgcc.a(_clear_bss.o)
                0x000005f4                . = ALIGN (0x2)
 *(.fini9)
 .fini9         0x000005f4        0x0 c:/winavr-20100110/bin/../lib/gcc/avr/4.3.3/avr4\libgcc.a(_exit.o)
                0x000005f4                exit
                0x000005f4                _exit
 *(.fini9)
 *(.fini8)
 *(.fini8)
 *(.fini7)
 *(.fini7)
 *(.fini6)
 *(.fini6)
 *(.fini5)
 *(.fini5)
 *(.fini4)
 *(.fini4)
 *(.fini3)
 *(.fini3)
 *(.fini2)
 *(.fini2)
 *(.fini1)
 *(.fini1)
 *(.fini0)
 .fini0         0x000005f4        0x4 c:/winavr-20100110/bin/../lib/gcc/avr/4.3.3/avr4\libgcc.a(_exit.o)
 *(.fini0)
                0x000005f8                _etext = .

.data           0x00800060       0x8e load address 0x000005f8
                0x00800060                PROVIDE (__data_start, .)
 *(.data)
 .data          0x00800060        0x0 c:/winavr-20100110/bin/../lib/gcc/avr/4.3.3/../../../../avr/lib/avr4/crtm8.o
 .data          0x00800060       0x12 main.o
                0x00800060                flag_2s
                0x00800061                tx_buf
 .data          0x00800072       0x7b ../RFM70_lib/RFM73_lib.o
                0x008000aa                Bank1_Reg14
                0x008000e3                RX0_Address
                0x00800072                Bank1_Reg0_13
                0x008000b5                Bank0_Reg
                0x008000e8                RX1_Address
 .data          0x008000ed        0x0 ../RFM70_lib/spi.o
 .data          0x008000ed        0x0 c:/winavr-20100110/bin/../lib/gcc/avr/4.3.3/avr4\libgcc.a(_exit.o)
 .data          0x008000ed        0x0 c:/winavr-20100110/bin/../lib/gcc/avr/4.3.3/avr4\libgcc.a(_copy_data.o)
 .data          0x008000ed        0x0 c:/winavr-20100110/bin/../lib/gcc/avr/4.3.3/avr4\libgcc.a(_clear_bss.o)
 *(.data*)
 *(.rodata)
 *(.rodata*)
 *(.gnu.linkonce.d*)
                0x008000ee                . = ALIGN (0x2)
 *fill*         0x008000ed        0x1 00
                0x008000ee                _edata = .
                0x008000ee                PROVIDE (__data_end, .)

.bss            0x008000ee        0x4
                0x008000ee                PROVIDE (__bss_start, .)
 *(.bss)
 .bss           0x008000ee        0x0 c:/winavr-20100110/bin/../lib/gcc/avr/4.3.3/../../../../avr/lib/avr4/crtm8.o
 .bss           0x008000ee        0x1 main.o
 .bss           0x008000ef        0x3 ../RFM70_lib/RFM73_lib.o
 .bss           0x008000f2        0x0 ../RFM70_lib/spi.o
 .bss           0x008000f2        0x0 c:/winavr-20100110/bin/../lib/gcc/avr/4.3.3/avr4\libgcc.a(_exit.o)
 .bss           0x008000f2        0x0 c:/winavr-20100110/bin/../lib/gcc/avr/4.3.3/avr4\libgcc.a(_copy_data.o)
 .bss           0x008000f2        0x0 c:/winavr-20100110/bin/../lib/gcc/avr/4.3.3/avr4\libgcc.a(_clear_bss.o)
 *(.bss*)
 *(COMMON)
                0x008000f2                PROVIDE (__bss_end, .)
                0x000005f8                __data_load_start = LOADADDR (.data)
                0x00000686                __data_load_end = (__data_load_start + SIZEOF (.data))

.noinit         0x008000f2        0x0
                0x008000f2                PROVIDE (__noinit_start, .)
 *(.noinit*)
                0x008000f2                PROVIDE (__noinit_end, .)
                0x008000f2                _end = .
                0x008000f2                PROVIDE (__heap_start, .)

.eeprom         0x00810000        0x0
 *(.eeprom*)
                0x00810000                __eeprom_end = .

.fuse
 *(.fuse)
 *(.lfuse)
 *(.hfuse)
 *(.efuse)

.lock
 *(.lock*)

.signature
 *(.signature*)

.stab
 *(.stab)

.stabstr
 *(.stabstr)

.stab.excl
 *(.stab.excl)

.stab.exclstr
 *(.stab.exclstr)

.stab.index
 *(.stab.index)

.stab.indexstr
 *(.stab.indexstr)

.comment
 *(.comment)

.debug
 *(.debug)

.line
 *(.line)

.debug_srcinfo
 *(.debug_srcinfo)

.debug_sfnames
 *(.debug_sfnames)

.debug_aranges  0x00000000       0x60
 *(.debug_aranges)
 .debug_aranges
                0x00000000       0x20 main.o
 .debug_aranges
                0x00000020       0x20 ../RFM70_lib/RFM73_lib.o
 .debug_aranges
                0x00000040       0x20 ../RFM70_lib/spi.o

.debug_pubnames
                0x00000000      0x1fa
 *(.debug_pubnames)
 .debug_pubnames
                0x00000000       0x57 main.o
 .debug_pubnames
                0x00000057      0x15b ../RFM70_lib/RFM73_lib.o
 .debug_pubnames
                0x000001b2       0x48 ../RFM70_lib/spi.o

.debug_info     0x00000000      0xaea
 *(.debug_info)
 .debug_info    0x00000000      0x2ba main.o
 .debug_info    0x000002ba      0x63d ../RFM70_lib/RFM73_lib.o
 .debug_info    0x000008f7      0x1f3 ../RFM70_lib/spi.o
 *(.gnu.linkonce.wi.*)

.debug_abbrev   0x00000000      0x4a9
 *(.debug_abbrev)
 .debug_abbrev  0x00000000      0x15b main.o
 .debug_abbrev  0x0000015b      0x240 ../RFM70_lib/RFM73_lib.o
 .debug_abbrev  0x0000039b      0x10e ../RFM70_lib/spi.o

.debug_line     0x00000000      0x97f
 *(.debug_line)
 .debug_line    0x00000000      0x28c main.o
 .debug_line    0x0000028c      0x579 ../RFM70_lib/RFM73_lib.o
 .debug_line    0x00000805      0x17a ../RFM70_lib/spi.o

.debug_frame    0x00000000      0x170
 *(.debug_frame)
 .debug_frame   0x00000000       0x40 main.o
 .debug_frame   0x00000040       0xe0 ../RFM70_lib/RFM73_lib.o
 .debug_frame   0x00000120       0x50 ../RFM70_lib/spi.o

.debug_str      0x00000000      0x364
 *(.debug_str)
 .debug_str     0x00000000       0xf7 main.o
                                0x131 (size before relaxing)
 .debug_str     0x000000f7      0x217 ../RFM70_lib/RFM73_lib.o
                                0x308 (size before relaxing)
 .debug_str     0x0000030e       0x56 ../RFM70_lib/spi.o
                                0x1b3 (size before relaxing)

.debug_loc      0x00000000      0x494
 *(.debug_loc)
 .debug_loc     0x00000000       0xe8 main.o
 .debug_loc     0x000000e8      0x336 ../RFM70_lib/RFM73_lib.o
 .debug_loc     0x0000041e       0x76 ../RFM70_lib/spi.o

.debug_macinfo
 *(.debug_macinfo)
OUTPUT(RFM70_transmit.elf elf32-avr)
LOAD linker stubs

.bootloader     0x00003c00        0x0

.debug_ranges   0x00000000       0xa8
 .debug_ranges  0x00000000       0x90 main.o
 .debug_ranges  0x00000090       0x18 ../RFM70_lib/spi.o

Cross Reference Table

Symbol                                            File
Bank0_Reg                                         ../RFM70_lib/RFM73_lib.o
Bank1_Reg0_13                                     ../RFM70_lib/RFM73_lib.o
Bank1_Reg14                                       ../RFM70_lib/RFM73_lib.o
RFM73_Initialize                                  ../RFM70_lib/RFM73_lib.o
                                                  main.o
RFM73_Receive_Packet                              ../RFM70_lib/RFM73_lib.o
RFM73_Send_Packet                                 ../RFM70_lib/RFM73_lib.o
                                                  main.o
RX0_Address                                       ../RFM70_lib/RFM73_lib.o
RX1_Address                                       ../RFM70_lib/RFM73_lib.o
SPI_Init                                          ../RFM70_lib/spi.o
                                                  ../RFM70_lib/RFM73_lib.o
SPI_Read_Buf                                      ../RFM70_lib/RFM73_lib.o
SPI_Read_Reg                                      ../RFM70_lib/RFM73_lib.o
SPI_RxBuf                                         ../RFM70_lib/spi.o
                                                  ../RFM70_lib/RFM73_lib.o
SPI_TxBuf                                         ../RFM70_lib/spi.o
                                                  ../RFM70_lib/RFM73_lib.o
SPI_TxRx                                          ../RFM70_lib/spi.o
                                                  ../RFM70_lib/RFM73_lib.o
SPI_Write_Buf                                     ../RFM70_lib/RFM73_lib.o
SPI_Write_Reg                                     ../RFM70_lib/RFM73_lib.o
SetChannelNum                                     ../RFM70_lib/RFM73_lib.o
SwitchCFG                                         ../RFM70_lib/RFM73_lib.o
SwitchToPowerDownMode                             ../RFM70_lib/RFM73_lib.o
                                                  main.o
SwitchToRxMode                                    ../RFM70_lib/RFM73_lib.o
SwitchToTxMode                                    ../RFM70_lib/RFM73_lib.o
__bad_interrupt                                   c:/winavr-20100110/bin/../lib/gcc/avr/4.3.3/../../../../avr/lib/avr4/crtm8.o
__bss_end                                         c:/winavr-20100110/bin/../lib/gcc/avr/4.3.3/avr4\libgcc.a(_clear_bss.o)
__bss_start                                       c:/winavr-20100110/bin/../lib/gcc/avr/4.3.3/avr4\libgcc.a(_clear_bss.o)
__data_end                                        c:/winavr-20100110/bin/../lib/gcc/avr/4.3.3/avr4\libgcc.a(_copy_data.o)
__data_load_start                                 c:/winavr-20100110/bin/../lib/gcc/avr/4.3.3/avr4\libgcc.a(_copy_data.o)
__data_start                                      c:/winavr-20100110/bin/../lib/gcc/avr/4.3.3/avr4\libgcc.a(_copy_data.o)
__do_clear_bss                                    c:/winavr-20100110/bin/../lib/gcc/avr/4.3.3/avr4\libgcc.a(_clear_bss.o)
                                                  ../RFM70_lib/RFM73_lib.o
                                                  main.o
__do_copy_data                                    c:/winavr-20100110/bin/../lib/gcc/avr/4.3.3/avr4\libgcc.a(_copy_data.o)
                                                  ../RFM70_lib/RFM73_lib.o
                                                  main.o
__heap_end                                        c:/winavr-20100110/bin/../lib/gcc/avr/4.3.3/../../../../avr/lib/avr4/crtm8.o
__init                                            c:/winavr-20100110/bin/../lib/gcc/avr/4.3.3/../../../../avr/lib/avr4/crtm8.o
__stack                                           c:/winavr-20100110/bin/../lib/gcc/avr/4.3.3/../../../../avr/lib/avr4/crtm8.o
__vector_1                                        c:/winavr-20100110/bin/../lib/gcc/avr/4.3.3/../../../../avr/lib/avr4/crtm8.o
__vector_10                                       c:/winavr-20100110/bin/../lib/gcc/avr/4.3.3/../../../../avr/lib/avr4/crtm8.o
__vector_11                                       c:/winavr-20100110/bin/../lib/gcc/avr/4.3.3/../../../../avr/lib/avr4/crtm8.o
__vector_12                                       c:/winavr-20100110/bin/../lib/gcc/avr/4.3.3/../../../../avr/lib/avr4/crtm8.o
__vector_13                                       c:/winavr-20100110/bin/../lib/gcc/avr/4.3.3/../../../../avr/lib/avr4/crtm8.o
__vector_14                                       c:/winavr-20100110/bin/../lib/gcc/avr/4.3.3/../../../../avr/lib/avr4/crtm8.o
__vector_15                                       c:/winavr-20100110/bin/../lib/gcc/avr/4.3.3/../../../../avr/lib/avr4/crtm8.o
__vector_16                                       c:/winavr-20100110/bin/../lib/gcc/avr/4.3.3/../../../../avr/lib/avr4/crtm8.o
__vector_17                                       c:/winavr-20100110/bin/../lib/gcc/avr/4.3.3/../../../../avr/lib/avr4/crtm8.o
__vector_18                                       c:/winavr-20100110/bin/../lib/gcc/avr/4.3.3/../../../../avr/lib/avr4/crtm8.o
__vector_2                                        ../RFM70_lib/RFM73_lib.o
                                                  c:/winavr-20100110/bin/../lib/gcc/avr/4.3.3/../../../../avr/lib/avr4/crtm8.o
__vector_3                                        c:/winavr-20100110/bin/../lib/gcc/avr/4.3.3/../../../../avr/lib/avr4/crtm8.o
__vector_4                                        main.o
                                                  c:/winavr-20100110/bin/../lib/gcc/avr/4.3.3/../../../../avr/lib/avr4/crtm8.o
__vector_5                                        c:/winavr-20100110/bin/../lib/gcc/avr/4.3.3/../../../../avr/lib/avr4/crtm8.o
__vector_6                                        c:/winavr-20100110/bin/../lib/gcc/avr/4.3.3/../../../../avr/lib/avr4/crtm8.o
__vector_7                                        c:/winavr-20100110/bin/../lib/gcc/avr/4.3.3/../../../../avr/lib/avr4/crtm8.o
__vector_8                                        c:/winavr-20100110/bin/../lib/gcc/avr/4.3.3/../../../../avr/lib/avr4/crtm8.o
__vector_9                                        c:/winavr-20100110/bin/../lib/gcc/avr/4.3.3/../../../../avr/lib/avr4/crtm8.o
__vector_default                                  c:/winavr-20100110/bin/../lib/gcc/avr/4.3.3/../../../../avr/lib/avr4/crtm8.o
__vectors                                         c:/winavr-20100110/bin/../lib/gcc/avr/4.3.3/../../../../avr/lib/avr4/crtm8.o
_exit                                             c:/winavr-20100110/bin/../lib/gcc/avr/4.3.3/avr4\libgcc.a(_exit.o)
exit                                              c:/winavr-20100110/bin/../lib/gcc/avr/4.3.3/avr4\libgcc.a(_exit.o)
                                                  c:/winavr-20100110/bin/../lib/gcc/avr/4.3.3/../../../../avr/lib/avr4/crtm8.o
flag_2s                                           main.o
main                                              main.o
                                                  c:/winavr-20100110/bin/../lib/gcc/avr/4.3.3/../../../../avr/lib/avr4/crtm8.o
timer2_async_init                                 main.o
tx_buf                                            main.o
